2026-09-25 09:50:31.883: [INFO] CurrentProfilePath: C:\Users\Gautham\Documents\AdvanceJava\Hibernate\.metadata\.plugins\org.eclipse.swt\EBWebView\Default
2026-09-25 09:50:31.883: [INFO] Profiles total count: 1
2026-09-25 09:50:31.883: [INFO] Profile: name=Profile 1 path=C:\Users\Gautham\Documents\AdvanceJava\Hibernate\.metadata\.plugins\org.eclipse.swt\EBWebView\Default lastActive=null
2026-09-25 09:50:31.883: [INFO] LastUsedProfileDir: C:\Users\Gautham\Documents\AdvanceJava\Hibernate\.metadata\.plugins\org.eclipse.swt\EBWebView\Default
2026-09-25 09:50:31.883: [INFO] OnDoneLoading sync enabled: 0
2026-09-25 09:50:31.883: [INFO] BookmarkModelLoaded, ids_reassigned: 0
2026-09-25 09:50:31.883: [INFO] BookmarksLoadDropped droppedNodes=0
2026-09-25 09:50:31.883: [INFO] BookmarksSnapshot Startup total=0 bar=0 other=0 mobile=0 showBar=0 showBarNTP=1
2026-09-25 09:50:45.140: [INFO] BookmarksSnapshot Shutdown total=0 bar=0 other=0 mobile=0 showBar=0 showBarNTP=1
2026-09-25 09:50:46.207: [INFO] CurrentProfilePath: C:\Users\Gautham\Documents\AdvanceJava\Hibernate\.metadata\.plugins\org.eclipse.swt\EBWebView\Default
2026-09-25 09:50:46.207: [INFO] Profiles total count: 1
2026-09-25 09:50:46.207: [INFO] Profile: name=Profile 1 path=C:\Users\Gautham\Documents\AdvanceJava\Hibernate\.metadata\.plugins\org.eclipse.swt\EBWebView\Default lastActive=2026-09-25T09:50:33.375Z
2026-09-25 09:50:46.207: [INFO] LastUsedProfileDir: C:\Users\Gautham\Documents\AdvanceJava\Hibernate\.metadata\.plugins\org.eclipse.swt\EBWebView\Default
2026-09-25 09:50:46.207: [INFO] MostRecentlyActiveProfile: name=Profile 1 path=C:\Users\Gautham\Documents\AdvanceJava\Hibernate\.metadata\.plugins\org.eclipse.swt\EBWebView\Default lastActive=2026-09-25T09:50:33.375Z
2026-09-25 09:50:46.207: [INFO] OnDoneLoading sync enabled: 0
2026-09-25 09:50:46.207: [INFO] BookmarkModelLoaded, ids_reassigned: 0
2026-09-25 09:50:46.207: [INFO] BookmarksLoadDropped droppedNodes=0
2026-09-25 09:50:46.207: [INFO] BookmarksSnapshot Startup total=0 bar=0 other=0 mobile=0 showBar=0 showBarNTP=1
2026-09-25 12:09:40.677: [INFO] BookmarksSnapshot Shutdown total=0 bar=0 other=0 mobile=0 showBar=0 showBarNTP=1
2026-09-26 09:02:00.511: [INFO] CurrentProfilePath: C:\Users\Gautham\Documents\AdvanceJava\Hibernate\.metadata\.plugins\org.eclipse.swt\EBWebView\Default
2026-09-26 09:02:00.511: [INFO] Profiles total count: 1
2026-09-26 09:02:00.511: [INFO] Profile: name=Profile 1 path=C:\Users\Gautham\Documents\AdvanceJava\Hibernate\.metadata\.plugins\org.eclipse.swt\EBWebView\Default lastActive=2026-09-25T09:55:54.445Z
2026-09-26 09:02:00.511: [INFO] LastUsedProfileDir: C:\Users\Gautham\Documents\AdvanceJava\Hibernate\.metadata\.plugins\org.eclipse.swt\EBWebView\Default
2026-09-26 09:02:00.511: [INFO] MostRecentlyActiveProfile: name=Profile 1 path=C:\Users\Gautham\Documents\AdvanceJava\Hibernate\.metadata\.plugins\org.eclipse.swt\EBWebView\Default lastActive=2026-09-25T09:55:54.445Z
2026-09-26 09:02:00.511: [INFO] OnDoneLoading sync enabled: 0
2026-09-26 09:02:00.511: [INFO] BookmarkModelLoaded, ids_reassigned: 0
2026-09-26 09:02:00.511: [INFO] BookmarksLoadDropped droppedNodes=0
2026-09-26 09:02:00.511: [INFO] BookmarksSnapshot Startup total=0 bar=0 other=0 mobile=0 showBar=0 showBarNTP=1
2026-09-29 09:01:29.040: [INFO] CurrentProfilePath: C:\Users\Gautham\Documents\AdvanceJava\Hibernate\.metadata\.plugins\org.eclipse.swt\EBWebView\Default
2026-09-29 09:01:29.040: [INFO] Profiles total count: 1
2026-09-29 09:01:29.041: [INFO] Profile: name=Profile 1 path=C:\Users\Gautham\Documents\AdvanceJava\Hibernate\.metadata\.plugins\org.eclipse.swt\EBWebView\Default lastActive=2026-09-26T09:06:13.780Z
2026-09-29 09:01:29.041: [INFO] LastUsedProfileDir: C:\Users\Gautham\Documents\AdvanceJava\Hibernate\.metadata\.plugins\org.eclipse.swt\EBWebView\Default
2026-09-29 09:01:29.041: [INFO] MostRecentlyActiveProfile: name=Profile 1 path=C:\Users\Gautham\Documents\AdvanceJava\Hibernate\.metadata\.plugins\org.eclipse.swt\EBWebView\Default lastActive=2026-09-26T09:06:13.780Z
2026-09-29 09:01:29.041: [INFO] OnDoneLoading sync enabled: 0
2026-09-29 09:01:29.041: [INFO] BookmarkModelLoaded, ids_reassigned: 0
2026-09-29 09:01:29.041: [INFO] BookmarksLoadDropped droppedNodes=0
2026-09-29 09:01:29.041: [INFO] BookmarksSnapshot Startup total=0 bar=0 other=0 mobile=0 showBar=0 showBarNTP=1
2026-09-29 12:38:35.508: [INFO] CurrentProfilePath: C:\Users\Gautham\Documents\AdvanceJava\Hibernate\.metadata\.plugins\org.eclipse.swt\EBWebView\Default
2026-09-29 12:38:35.508: [INFO] Profiles total count: 1
2026-09-29 12:38:35.508: [INFO] Profile: name=Profile 1 path=C:\Users\Gautham\Documents\AdvanceJava\Hibernate\.metadata\.plugins\org.eclipse.swt\EBWebView\Default lastActive=2026-09-26T09:06:13.780Z
2026-09-29 12:38:35.508: [INFO] LastUsedProfileDir: C:\Users\Gautham\Documents\AdvanceJava\Hibernate\.metadata\.plugins\org.eclipse.swt\EBWebView\Default
2026-09-29 12:38:35.508: [INFO] MostRecentlyActiveProfile: name=Profile 1 path=C:\Users\Gautham\Documents\AdvanceJava\Hibernate\.metadata\.plugins\org.eclipse.swt\EBWebView\Default lastActive=2026-09-26T09:06:13.780Z
2026-09-29 12:38:35.508: [INFO] OnDoneLoading sync enabled: 0
2026-09-29 12:38:35.508: [INFO] BookmarkModelLoaded, ids_reassigned: 0
2026-09-29 12:38:35.508: [INFO] BookmarksLoadDropped droppedNodes=0
2026-09-29 12:38:35.508: [INFO] BookmarksSnapshot Startup total=0 bar=0 other=0 mobile=0 showBar=0 showBarNTP=1
2026-09-29 13:46:29.055: [INFO] CurrentProfilePath: C:\Users\Gautham\Documents\AdvanceJava\Hibernate\.metadata\.plugins\org.eclipse.swt\EBWebView\Default
2026-09-29 13:46:29.055: [INFO] Profiles total count: 1
2026-09-29 13:46:29.055: [INFO] Profile: name=Profile 1 path=C:\Users\Gautham\Documents\AdvanceJava\Hibernate\.metadata\.plugins\org.eclipse.swt\EBWebView\Default lastActive=2026-09-29T12:40:01.730Z
2026-09-29 13:46:29.055: [INFO] LastUsedProfileDir: C:\Users\Gautham\Documents\AdvanceJava\Hibernate\.metadata\.plugins\org.eclipse.swt\EBWebView\Default
2026-09-29 13:46:29.055: [INFO] MostRecentlyActiveProfile: name=Profile 1 path=C:\Users\Gautham\Documents\AdvanceJava\Hibernate\.metadata\.plugins\org.eclipse.swt\EBWebView\Default lastActive=2026-09-29T12:40:01.730Z
2026-09-29 13:46:29.055: [INFO] OnDoneLoading sync enabled: 0
2026-09-29 13:46:29.055: [INFO] BookmarkModelLoaded, ids_reassigned: 0
2026-09-29 13:46:29.055: [INFO] BookmarksLoadDropped droppedNodes=0
2026-09-29 13:46:29.055: [INFO] BookmarksSnapshot Startup total=0 bar=0 other=0 mobile=0 showBar=0 showBarNTP=1
